jongo@BOOK-Q3PSCGIKDO:/mnt/c/Windows/System32$  nmap -p 22 172.16.100.82
-bash: nmap: command not found
jongo@BOOK-Q3PSCGIKDO:/mnt/c/Windows/System32$ sudo apt update
[sudo] password for jongo:
Sorry, try again.
[sudo] password for jongo:
Hit:1 http://deb.debian.org/debian bookworm InRelease
Get:2 http://deb.debian.org/debian bookworm-updates InRelease [52.1 kB]
Get:3 http://security.debian.org/debian-security bookworm-security InRelease [48.0 kB]
Get:4 http://ftp.debian.org/debian bookworm-backports InRelease [56.5 kB]
Get:5 http://ftp.debian.org/debian bookworm-backports/main amd64 Packages.diff/Index [63.3 kB]
Get:6 http://ftp.debian.org/debian bookworm-backports/main Translation-en.diff/Index [55.5 kB]
Get:7 http://ftp.debian.org/debian bookworm-backports/main amd64 Packages T-2024-01-25-0204.30-F-2024-01-15-2010.56.pdiff [51.6 kB]
Get:7 http://ftp.debian.org/debian bookworm-backports/main amd64 Packages T-2024-01-25-0204.30-F-2024-01-15-2010.56.pdiff [51.6 kB]
Get:8 http://ftp.debian.org/debian bookworm-backports/main Translation-en T-2024-01-25-0204.30-F-2024-01-15-2010.56.pdiff [21.9 kB]
Get:8 http://ftp.debian.org/debian bookworm-backports/main Translation-en T-2024-01-25-0204.30-F-2024-01-15-2010.56.pdiff [21.9 kB]
Reading package lists... Done
E: Release file for http://security.debian.org/debian-security/dists/bookworm-security/InRelease is not valid yet (invalid for another 30min 47s). Updates for this repository will not be applied.
jongo@BOOK-Q3PSCGIKDO:/mnt/c/Windows/System32$ sudo apt install nmap
Reading package lists... Done
Building dependency tree... Done
Reading state information... Done
The following additional packages will be installed:
  dbus dbus-bin dbus-daemon dbus-session-bus-common dbus-system-bus-common libblas3
  libdbus-1-3 libexpat1 liblinear4 liblua5.3-0 libpcap0.8 libpcre3 lua-lpeg nmap-common
Suggested packages:
  default-dbus-session-bus | dbus-session-bus liblinear-tools liblinear-dev ncat ndiff
  zenmap
The following NEW packages will be installed:
  dbus dbus-bin dbus-daemon dbus-session-bus-common dbus-system-bus-common libblas3
  libdbus-1-3 libexpat1 liblinear4 liblua5.3-0 libpcap0.8 libpcre3 lua-lpeg nmap
  nmap-common
0 upgraded, 15 newly installed, 0 to remove and 27 not upgraded.
Need to get 745 kB/7,741 kB of archives.
After this operation, 30.6 MB of additional disk space will be used.
Do you want to continue? [Y/n] Y
Get:1 http://deb.debian.org/debian bookworm/main amd64 libdbus-1-3 amd64 1.14.10-1~deb12u1 [201 kB]
Get:2 http://deb.debian.org/debian bookworm/main amd64 dbus-bin amd64 1.14.10-1~deb12u1 [105 kB]
Get:3 http://deb.debian.org/debian bookworm/main amd64 dbus-session-bus-common all 1.14.10-1~deb12u1 [78.2 kB]
Get:4 http://deb.debian.org/debian bookworm/main amd64 dbus-daemon amd64 1.14.10-1~deb12u1 [184 kB]
Get:5 http://deb.debian.org/debian bookworm/main amd64 dbus-system-bus-common all 1.14.10-1~deb12u1 [79.3 kB]
Get:6 http://deb.debian.org/debian bookworm/main amd64 dbus amd64 1.14.10-1~deb12u1 [97.4 kB]
Fetched 745 kB in 0s (5,191 kB/s)
Selecting previously unselected package libdbus-1-3:amd64.
(Reading database ... 10143 files and directories currently installed.)
Preparing to unpack .../00-libdbus-1-3_1.14.10-1~deb12u1_amd64.deb ...
Unpacking libdbus-1-3:amd64 (1.14.10-1~deb12u1) ...
Selecting previously unselected package dbus-bin.
Preparing to unpack .../01-dbus-bin_1.14.10-1~deb12u1_amd64.deb ...
Unpacking dbus-bin (1.14.10-1~deb12u1) ...
Selecting previously unselected package dbus-session-bus-common.
Preparing to unpack .../02-dbus-session-bus-common_1.14.10-1~deb12u1_all.deb ...
Unpacking dbus-session-bus-common (1.14.10-1~deb12u1) ...
Selecting previously unselected package libexpat1:amd64.
Preparing to unpack .../03-libexpat1_2.5.0-1_amd64.deb ...
Unpacking libexpat1:amd64 (2.5.0-1) ...
Selecting previously unselected package dbus-daemon.
Preparing to unpack .../04-dbus-daemon_1.14.10-1~deb12u1_amd64.deb ...
Unpacking dbus-daemon (1.14.10-1~deb12u1) ...
Selecting previously unselected package dbus-system-bus-common.
Preparing to unpack .../05-dbus-system-bus-common_1.14.10-1~deb12u1_all.deb ...
Unpacking dbus-system-bus-common (1.14.10-1~deb12u1) ...
Selecting previously unselected package dbus.
Preparing to unpack .../06-dbus_1.14.10-1~deb12u1_amd64.deb ...
Unpacking dbus (1.14.10-1~deb12u1) ...
Selecting previously unselected package libblas3:amd64.
Preparing to unpack .../07-libblas3_3.11.0-2_amd64.deb ...
Unpacking libblas3:amd64 (3.11.0-2) ...
Selecting previously unselected package liblinear4:amd64.
Preparing to unpack .../08-liblinear4_2.3.0+dfsg-5_amd64.deb ...
Unpacking liblinear4:amd64 (2.3.0+dfsg-5) ...
Selecting previously unselected package liblua5.3-0:amd64.
Preparing to unpack .../09-liblua5.3-0_5.3.6-2_amd64.deb ...
Unpacking liblua5.3-0:amd64 (5.3.6-2) ...
Selecting previously unselected package libpcap0.8:amd64.
Preparing to unpack .../10-libpcap0.8_1.10.3-1_amd64.deb ...
Unpacking libpcap0.8:amd64 (1.10.3-1) ...
Selecting previously unselected package libpcre3:amd64.
Preparing to unpack .../11-libpcre3_2%3a8.39-15_amd64.deb ...
Unpacking libpcre3:amd64 (2:8.39-15) ...
Selecting previously unselected package lua-lpeg:amd64.
Preparing to unpack .../12-lua-lpeg_1.0.2-2_amd64.deb ...
Unpacking lua-lpeg:amd64 (1.0.2-2) ...
Selecting previously unselected package nmap-common.
Preparing to unpack .../13-nmap-common_7.93+dfsg1-1_all.deb ...
Unpacking nmap-common (7.93+dfsg1-1) ...
Selecting previously unselected package nmap.
Preparing to unpack .../14-nmap_7.93+dfsg1-1_amd64.deb ...
Unpacking nmap (7.93+dfsg1-1) ...
Setting up libexpat1:amd64 (2.5.0-1) ...
Setting up lua-lpeg:amd64 (1.0.2-2) ...
Setting up libpcre3:amd64 (2:8.39-15) ...
Setting up libblas3:amd64 (3.11.0-2) ...
update-alternatives: using /usr/lib/x86_64-linux-gnu/blas/libblas.so.3 to provide /usr/lib/x86_64-linux-gnu/libblas.so.3 (libblas.so.3-x86_64-linux-gnu) in auto mode
Setting up libdbus-1-3:amd64 (1.14.10-1~deb12u1) ...
Setting up nmap-common (7.93+dfsg1-1) ...
Setting up dbus-session-bus-common (1.14.10-1~deb12u1) ...
Setting up liblua5.3-0:amd64 (5.3.6-2) ...
Setting up dbus-system-bus-common (1.14.10-1~deb12u1) ...
Setting up dbus-bin (1.14.10-1~deb12u1) ...
Setting up dbus-daemon (1.14.10-1~deb12u1) ...
Setting up liblinear4:amd64 (2.3.0+dfsg-5) ...
Setting up libpcap0.8:amd64 (1.10.3-1) ...
Setting up dbus (1.14.10-1~deb12u1) ...
invoke-rc.d: could not determine current runlevel
Setting up nmap (7.93+dfsg1-1) ...
Processing triggers for libc-bin (2.36-9) ...
jongo@BOOK-Q3PSCGIKDO:/mnt/c/Windows/System32$ nmap -p 22 172.16.100.82
Starting Nmap 7.93 ( https://nmap.org ) at 2024-01-25 12:44 KST
Nmap scan report for 172.16.100.82
Host is up (0.19s latency).

PORT   STATE SERVICE
22/tcp open  ssh

Nmap done: 1 IP address (1 host up) scanned in 1.37 seconds
jongo@BOOK-Q3PSCGIKDO:/mnt/c/Windows/System32$ ssh jongo@172.16.100.82
-bash: ssh: command not found
jongo@BOOK-Q3PSCGIKDO:/mnt/c/Windows/System32$ whoami
jongo
jongo@BOOK-Q3PSCGIKDO:/mnt/c/Windows/System32$ ssh jongo@172.16.100.82
-bash: ssh: command not found
jongo@BOOK-Q3PSCGIKDO:/mnt/c/Windows/System32$ sudo apt install openssh-client
Reading package lists... Done
Building dependency tree... Done
Reading state information... Done
The following additional packages will be installed:
  libcbor0.8 libfido2-1 libx11-6 libx11-data libxau6 libxcb1 libxdmcp6 libxext6 libxmuu1
  xauth
Suggested packages:
  keychain libpam-ssh monkeysphere ssh-askpass
The following NEW packages will be installed:
  libcbor0.8 libfido2-1 libx11-6 libx11-data libxau6 libxcb1 libxdmcp6 libxext6 libxmuu1
  openssh-client xauth
0 upgraded, 11 newly installed, 0 to remove and 27 not upgraded.
Need to get 2,449 kB of archives.
After this operation, 10.2 MB of additional disk space will be used.
Do you want to continue? [Y/n] Y
Get:1 http://security.debian.org/debian-security bookworm-security/main amd64 openssh-client amd64 1:9.2p1-2+deb12u2 [990 kB]
Get:2 http://deb.debian.org/debian bookworm/main amd64 libcbor0.8 amd64 0.8.0-2+b1 [27.4 kB]
Get:3 http://deb.debian.org/debian bookworm/main amd64 libfido2-1 amd64 1.12.0-2+b1 [77.2 kB]
Get:4 http://deb.debian.org/debian bookworm/main amd64 libxau6 amd64 1:1.0.9-1 [19.7 kB]
Get:5 http://deb.debian.org/debian bookworm/main amd64 libxdmcp6 amd64 1:1.1.2-3 [26.3 kB]
Get:6 http://deb.debian.org/debian bookworm/main amd64 libxcb1 amd64 1.15-1 [144 kB]
Get:7 http://deb.debian.org/debian bookworm/main amd64 libx11-data all 2:1.8.4-2+deb12u2 [292 kB]
Get:8 http://deb.debian.org/debian bookworm/main amd64 libx11-6 amd64 2:1.8.4-2+deb12u2 [760 kB]
Get:9 http://deb.debian.org/debian bookworm/main amd64 libxext6 amd64 2:1.3.4-1+b1 [52.9 kB]
Get:10 http://deb.debian.org/debian bookworm/main amd64 libxmuu1 amd64 2:1.1.3-3 [23.9 kB]
Get:11 http://deb.debian.org/debian bookworm/main amd64 xauth amd64 1:1.1.2-1 [36.0 kB]
Fetched 2,449 kB in 0s (5,701 kB/s)
Selecting previously unselected package libcbor0.8:amd64.
(Reading database ... 11154 files and directories currently installed.)
Preparing to unpack .../00-libcbor0.8_0.8.0-2+b1_amd64.deb ...
Unpacking libcbor0.8:amd64 (0.8.0-2+b1) ...
Selecting previously unselected package libfido2-1:amd64.
Preparing to unpack .../01-libfido2-1_1.12.0-2+b1_amd64.deb ...
Unpacking libfido2-1:amd64 (1.12.0-2+b1) ...
Selecting previously unselected package openssh-client.
Preparing to unpack .../02-openssh-client_1%3a9.2p1-2+deb12u2_amd64.deb ...
Unpacking openssh-client (1:9.2p1-2+deb12u2) ...
Selecting previously unselected package libxau6:amd64.
Preparing to unpack .../03-libxau6_1%3a1.0.9-1_amd64.deb ...
Unpacking libxau6:amd64 (1:1.0.9-1) ...
Selecting previously unselected package libxdmcp6:amd64.
Preparing to unpack .../04-libxdmcp6_1%3a1.1.2-3_amd64.deb ...
Unpacking libxdmcp6:amd64 (1:1.1.2-3) ...
Selecting previously unselected package libxcb1:amd64.
Preparing to unpack .../05-libxcb1_1.15-1_amd64.deb ...
Unpacking libxcb1:amd64 (1.15-1) ...
Selecting previously unselected package libx11-data.
Preparing to unpack .../06-libx11-data_2%3a1.8.4-2+deb12u2_all.deb ...
Unpacking libx11-data (2:1.8.4-2+deb12u2) ...
Selecting previously unselected package libx11-6:amd64.
Preparing to unpack .../07-libx11-6_2%3a1.8.4-2+deb12u2_amd64.deb ...
Unpacking libx11-6:amd64 (2:1.8.4-2+deb12u2) ...
Selecting previously unselected package libxext6:amd64.
Preparing to unpack .../08-libxext6_2%3a1.3.4-1+b1_amd64.deb ...
Unpacking libxext6:amd64 (2:1.3.4-1+b1) ...
Selecting previously unselected package libxmuu1:amd64.
Preparing to unpack .../09-libxmuu1_2%3a1.1.3-3_amd64.deb ...
Unpacking libxmuu1:amd64 (2:1.1.3-3) ...
Selecting previously unselected package xauth.
Preparing to unpack .../10-xauth_1%3a1.1.2-1_amd64.deb ...
Unpacking xauth (1:1.1.2-1) ...
Setting up libxau6:amd64 (1:1.0.9-1) ...
Setting up libxdmcp6:amd64 (1:1.1.2-3) ...
Setting up libxcb1:amd64 (1.15-1) ...
Setting up libcbor0.8:amd64 (0.8.0-2+b1) ...
Setting up libx11-data (2:1.8.4-2+deb12u2) ...
Setting up libx11-6:amd64 (2:1.8.4-2+deb12u2) ...
Setting up libfido2-1:amd64 (1.12.0-2+b1) ...
Setting up libxmuu1:amd64 (2:1.1.3-3) ...
Setting up openssh-client (1:9.2p1-2+deb12u2) ...
Setting up libxext6:amd64 (2:1.3.4-1+b1) ...
Setting up xauth (1:1.1.2-1) ...
Processing triggers for libc-bin (2.36-9) ...
jongo@BOOK-Q3PSCGIKDO:/mnt/c/Windows/System32$ ssh jongo@172.16.100.82
The authenticity of host '172.16.100.82 (172.16.100.82)' can't be established.
ED25519 key fingerprint is SHA256:nlHAhJkKx9oVmHKPsGzuyiMuiTW73AjS5doJdlSbXQs.
This key is not known by any other names.
Are you sure you want to continue connecting (yes/no/[fingerprint])? yes
Warning: Permanently added '172.16.100.82' (ED25519) to the list of known hosts.
jongo@172.16.100.82's password:
Welcome to Ubuntu 23.10 (GNU/Linux 6.5.0-1008-raspi aarch64)

 * Documentation:  https://help.ubuntu.com
 * Management:     https://landscape.canonical.com
 * Support:        https://ubuntu.com/advantage

97 updates can be applied immediately.
22 of these updates are standard security updates.
To see these additional updates run: apt list --upgradable

Last login: Wed Jan 24 23:28:31 2024 from 172.16.100.124
jongo@jongo-desktop:~$
